../Drivers/CMSIS/Include/core_cm3.h:1762:34:__NVIC_SystemReset	4	static,ignoring_inline_asm
../Core/Src/main.c:90:5:main	8	static
../Core/Src/main.c:155:6:SystemClock_Config	88	static
../Core/Src/main.c:202:13:MX_ADC1_Init	24	static
../Core/Src/main.c:276:13:MX_CAN_Init	88	static
../Core/Src/main.c:362:13:MX_TIM1_Init	32	static
../Core/Src/main.c:408:13:MX_TIM2_Init	32	static
../Core/Src/main.c:453:13:MX_TIM3_Init	32	static
../Core/Src/main.c:498:13:MX_USART1_UART_Init	8	static
../Core/Src/main.c:529:13:MX_DMA_Init	16	static
../Core/Src/main.c:547:13:MX_GPIO_Init	40	static
../Core/Src/main.c:604:6:HAL_TIM_PeriodElapsedCallback	16	static
../Core/Src/main.c:617:6:Error_Handler	8	static,ignoring_inline_asm
